// Jest Snapshot v1, https://goo.gl/fbAQLP

exports[`<TodoList/> should render 1`] = `
"[36m<body>[39m
  [36m<div>[39m
    [36m<ul[39m
      [33mclass[39m=[32m\\"todo-list\\"[39m
    [36m>[39m
      [36m<li[39m
        [33mclass[39m=[32m\\"todo-list-item\\"[39m
      [36m>[39m
        [36m<span[39m
          [33mclass[39m=[32m\\"todo-list-item-text pending\\"[39m
        [36m/>[39m
        [36m<span[39m
          [33mclass[39m=[32m\\"todo-list-item-action pending\\"[39m
        [36m>[39m
          [36m<button[39m
            [33mclass[39m=[32m\\"todo-list-item-update-button\\"[39m
            [33mtype[39m=[32m\\"button\\"[39m
          [36m>[39m
            [0mDone[0m
          [36m</button>[39m
        [36m</span>[39m
      [36m</li>[39m
    [36m</ul>[39m
  [36m</div>[39m
[36m</body>[39m"
`;
