// Jest Snapshot v1, https://goo.gl/fbAQLP

exports[`<TodoForm/> should render 1`] = `
"[36m<body>[39m
  [36m<div>[39m
    [36m<form[39m
      [33maction[39m=[32m\\"#\\"[39m
      [33mclass[39m=[32m\\"todo-form\\"[39m
      [33mdata-testid[39m=[32m\\"todo-form\\"[39m
    [36m>[39m
      [36m<input[39m
        [33mdata-testid[39m=[32m\\"todo-form-input\\"[39m
        [33mid[39m=[32m\\"text\\"[39m
        [33mname[39m=[32m\\"text\\"[39m
        [33mplaceholder[39m=[32m\\"Add new Todo\\"[39m
        [33mtype[39m=[32m\\"text\\"[39m
        [33mvalue[39m=[32m\\"\\"[39m
      [36m/>[39m
    [36m</form>[39m
  [36m</div>[39m
[36m</body>[39m"
`;
